
> recipes-api@0.1.0 test
> jest --no-coverage

{
  severity_local: 'NOTICE',
  severity: 'NOTICE',
  code: '42P07',
  message: 'relation "users" already exists, skipping',
  file: 'parse_utilcmd.c',
  line: '207',
  routine: 'transformCreateStmt'
}
{
  severity_local: 'NOTICE',
  severity: 'NOTICE',
  code: '42P07',
  message: 'relation "recipes" already exists, skipping',
  file: 'parse_utilcmd.c',
  line: '207',
  routine: 'transformCreateStmt'
}
{
  severity_local: 'NOTICE',
  severity: 'NOTICE',
  code: '42P07',
  message: 'relation "idx_recipes_user_id" already exists, skipping',
  file: 'index.c',
  line: '889',
  routine: 'index_create'
}
{
  severity_local: 'NOTICE',
  severity: 'NOTICE',
  code: '42701',
  message: 'column "photo_url" of relation "recipes" already exists, skipping',
  file: 'tablecmds.c',
  line: '7471',
  routine: 'check_for_column_name_collision'
}
{
  severity_local: 'NOTICE',
  severity: 'NOTICE',
  code: '42701',
  message: 'column "is_admin" of relation "users" already exists, skipping',
  file: 'tablecmds.c',
  line: '7471',
  routine: 'check_for_column_name_collision'
}
node.exe : FAIL tests/authRoutes.test.ts
At line:1 char:1
+ & "C:\Program Files\nodejs/node.exe" "C:\Program Files\nodejs/node_mo ...
+ ~~~~~~~~~~~~~~~~~~~~~~~~~~~~~~~~~~~~~~~~~~~~~~~~~~~~~~~~~~~~~~~~~~~~~
    + CategoryInfo          : NotSpecified: (FAIL tests/authRoutes.test.ts:String) [], RemoteException
    + FullyQualifiedErrorId : NativeCommandError
 
  ● auth routes › creates a user and returns 201 for valid register input

    expect(jest.fn()).toHaveBeenCalledWith(...expected)

    - Expected
    + Received

      Object {
        "email": "test@example.com",
    -   "userId": 1,
    +   "id": 1,
    +   "isAdmin": false,
      },

    Number of calls: 1

    [0m [90m 60 |[39m
     [90m 61 |[39m     expect(response[33m.[39mstatus)[33m.[39mtoBe([35m201[39m)[33m;[39m
    [31m[1m>[22m[39m[90m 62 |[39m     expect(signToken)[33m.[39mtoHaveBeenCalledWith({ userId[33m:[39m [35m1
[39m[33m,[39m email[33m:[39m [32m'test@example.com'[39m })[33m;[39m
     [90m    |[39m                       [31m[1m^[22m[39m
     [90m 63 |[39m   })[33m;[39m
     [90m 64 |[39m
     [90m 65 |[39m   it([32m'returns 401 when login credentials are invalid'[39m[33m,[39m [36masync[39m () [33
m=>[39m {[0m

      at Object.<anonymous> (tests/authRoutes.test.ts:62:23)

A worker process has failed to exit gracefully and has been force exited. This is likely caused by tests leaking due to
 improper teardown. Try running with --detectOpenHandles to find leaks. Active timers can also cause this, ensure that 
.unref() was called on them.

Test Suites: 1 failed, 5 passed, 6 total
Tests:       1 failed, 39 passed, 40 total
Snapshots:   0 total
Time:        6.692 s
Ran all test suites.
